// Jest Snapshot v1, https://goo.gl/fbAQLP

exports[`Repcombinator renderer renderer should render the full report into the document 1`] = `"<table class=\\"report\\"><thead><tr class=\\"report__header\\"><th class=\\"report__header__name report__header__name--hidden\\">Organisation unit ID</th><th class=\\"report__header__name\\">Organisation unit</th><th class=\\"report__header__name report__header__name--hidden\\">Organisation unit code</th><th class=\\"report__header__name report__header__name--hidden\\">Reporting month</th><th class=\\"report__header__name report__header__name--hidden\\">Organisation unit is parent</th><th class=\\"report__header__name\\">BMI 2017</th><th class=\\"report__header__name\\">BMI 2016</th><th class=\\"report__header__name\\">BMI female 2017</th><th class=\\"report__header__name\\">BMI female 2016</th><th class=\\"report__header__name\\">BMI female under 5 y 2017</th><th class=\\"report__header__name\\">BMI female under 5 y 2016</th><th class=\\"report__header__name\\">BMI male 2017</th><th class=\\"report__header__name\\">BMI male 2016</th><th class=\\"report__header__name\\">BMI male under 5 y 2017</th><th class=\\"report__header__name\\">BMI male under 5 y 2016</th><th class=\\"report__header__name report__header__name--hidden\\">Period ID</th><th class=\\"report__header__name\\">Period</th><th class=\\"report__header__name report__header__name--hidden\\">Period code</th><th class=\\"report__header__name\\">BCG Coverage &lt;1y</th><th class=\\"report__header__name\\">BCG doses given</th><th class=\\"report__header__name\\">Measles Coverage &lt;1y</th><th class=\\"report__header__name\\">Measles doses given</th><th class=\\"report__header__name\\">FIC &lt;1y</th><th class=\\"report__header__name\\">Fully Immunized Child</th><th class=\\"report__header__name\\">OPV 0 Coverage &lt;1y</th><th class=\\"report__header__name\\">OPV0 doses given </th><th class=\\"report__header__name\\">Penta 1 Coverage &lt;1y</th><th class=\\"report__header__name\\">Penta1 doses given</th></tr></thead><tbody><tr class=\\"report__row\\"><td class=\\"report__row__cell report__row__cell--hidden\\">O6uvpzGd5pu</td><td class=\\"report__row__cell\\">Bo</td><td class=\\"report__row__cell report__row__cell--hidden\\">OU_264</td><td class=\\"report__row__cell report__row__cell--hidden\\">2017</td><td class=\\"report__row__cell report__row__cell--hidden\\">No</td><td class=\\"report__row__cell\\">65.5</td><td class=\\"report__row__cell\\">64.1</td><td class=\\"report__row__cell\\">65.0</td><td class=\\"report__row__cell\\">64.0</td><td class=\\"report__row__cell\\">72.5</td><td class=\\"report__row__cell\\">57.7</td><td class=\\"report__row__cell\\">66.1</td><td class=\\"report__row__cell\\">64.1</td><td class=\\"report__row__cell\\">68.9</td><td class=\\"report__row__cell\\">84.8</td><td class=\\"report__row__cell report__row__cell--hidden\\"></td><td class=\\"report__row__cell\\"></td><td class=\\"report__row__cell report__row__cell--hidden\\"></td><td class=\\"report__row__cell\\"></td><td class=\\"report__row__cell\\"></td><td class=\\"report__row__cell\\"></td><td class=\\"report__row__cell\\"></td><td class=\\"report__row__cell\\"></td><td class=\\"report__row__cell\\"></td><td class=\\"report__row__cell\\"></td><td class=\\"report__row__cell\\"></td><td class=\\"report__row__cell\\"></td><td class=\\"report__row__cell\\"></td></tr><tr class=\\"report__row\\"><td class=\\"report__row__cell report__row__cell--hidden\\">fdc6uOvgoji</td><td class=\\"report__row__cell\\">Bombali</td><td class=\\"report__row__cell report__row__cell--hidden\\">OU_193190</td><td class=\\"report__row__cell report__row__cell--hidden\\">2017</td><td class=\\"report__row__cell report__row__cell--hidden\\">No</td><td class=\\"report__row__cell\\">66.4</td><td class=\\"report__row__cell\\">65.2</td><td class=\\"report__row__cell\\">67.6</td><td class=\\"report__row__cell\\">65.6</td><td class=\\"report__row__cell\\">66.5</td><td class=\\"report__row__cell\\">63.5</td><td class=\\"report__row__cell\\">65.2</td><td class=\\"report__row__cell\\">64.9</td><td class=\\"report__row__cell\\">66.6</td><td class=\\"report__row__cell\\">70.9</td><td class=\\"report__row__cell report__row__cell--hidden\\"></td><td class=\\"report__row__cell\\"></td><td class=\\"report__row__cell report__row__cell--hidden\\"></td><td class=\\"report__row__cell\\"></td><td class=\\"report__row__cell\\"></td><td class=\\"report__row__cell\\"></td><td class=\\"report__row__cell\\"></td><td class=\\"report__row__cell\\"></td><td class=\\"report__row__cell\\"></td><td class=\\"report__row__cell\\"></td><td class=\\"report__row__cell\\"></td><td class=\\"report__row__cell\\"></td><td class=\\"report__row__cell\\"></td></tr><tr class=\\"report__row\\"><td class=\\"report__row__cell report__row__cell--hidden\\">lc3eMKXaEfw</td><td class=\\"report__row__cell\\">Bonthe</td><td class=\\"report__row__cell report__row__cell--hidden\\">OU_197385</td><td class=\\"report__row__cell report__row__cell--hidden\\">2017</td><td class=\\"report__row__cell report__row__cell--hidden\\">No</td><td class=\\"report__row__cell\\">67.5</td><td class=\\"report__row__cell\\">62.8</td><td class=\\"report__row__cell\\">69.6</td><td class=\\"report__row__cell\\">62.1</td><td class=\\"report__row__cell\\">73.0</td><td class=\\"report__row__cell\\">67.4</td><td class=\\"report__row__cell\\">65.4</td><td class=\\"report__row__cell\\">63.5</td><td class=\\"report__row__cell\\">58.2</td><td class=\\"report__row__cell\\">57.6</td><td class=\\"report__row__cell report__row__cell--hidden\\"></td><td class=\\"report__row__cell\\"></td><td class=\\"report__row__cell report__row__cell--hidden\\"></td><td class=\\"report__row__cell\\"></td><td class=\\"report__row__cell\\"></td><td class=\\"report__row__cell\\"></td><td class=\\"report__row__cell\\"></td><td class=\\"report__row__cell\\"></td><td class=\\"report__row__cell\\"></td><td class=\\"report__row__cell\\"></td><td class=\\"report__row__cell\\"></td><td class=\\"report__row__cell\\"></td><td class=\\"report__row__cell\\"></td></tr><tr class=\\"report__row\\"><td class=\\"report__row__cell report__row__cell--hidden\\">jUb8gELQApl</td><td class=\\"report__row__cell\\">Kailahun</td><td class=\\"report__row__cell report__row__cell--hidden\\">OU_204856</td><td class=\\"report__row__cell report__row__cell--hidden\\">2017</td><td class=\\"report__row__cell report__row__cell--hidden\\">No</td><td class=\\"report__row__cell\\">66.4</td><td class=\\"report__row__cell\\">64.0</td><td class=\\"report__row__cell\\">67.9</td><td class=\\"report__row__cell\\">64.4</td><td class=\\"report__row__cell\\">69.1</td><td class=\\"report__row__cell\\">64.8</td><td class=\\"report__row__cell\\">64.9</td><td class=\\"report__row__cell\\">63.6</td><td class=\\"report__row__cell\\">64.0</td><td class=\\"report__row__cell\\">65.6</td><td class=\\"report__row__cell report__row__cell--hidden\\"></td><td class=\\"report__row__cell\\"></td><td class=\\"report__row__cell report__row__cell--hidden\\"></td><td class=\\"report__row__cell\\"></td><td class=\\"report__row__cell\\"></td><td class=\\"report__row__cell\\"></td><td class=\\"report__row__cell\\"></td><td class=\\"report__row__cell\\"></td><td class=\\"report__row__cell\\"></td><td class=\\"report__row__cell\\"></td><td class=\\"report__row__cell\\"></td><td class=\\"report__row__cell\\"></td><td class=\\"report__row__cell\\"></td></tr><tr class=\\"report__row\\"><td class=\\"report__row__cell report__row__cell--hidden\\">PMa2VCrupOd</td><td class=\\"report__row__cell\\">Kambia</td><td class=\\"report__row__cell report__row__cell--hidden\\">OU_211212</td><td class=\\"report__row__cell report__row__cell--hidden\\">2017</td><td class=\\"report__row__cell report__row__cell--hidden\\">No</td><td class=\\"report__row__cell\\">65.9</td><td class=\\"report__row__cell\\">65.9</td><td class=\\"report__row__cell\\">67.8</td><td class=\\"report__row__cell\\">65.5</td><td class=\\"report__row__cell\\">72.9</td><td class=\\"report__row__cell\\">48.7</td><td class=\\"report__row__cell\\">64.0</td><td class=\\"report__row__cell\\">66.3</td><td class=\\"report__row__cell\\">66.9</td><td class=\\"report__row__cell\\">72.6</td><td class=\\"report__row__cell report__row__cell--hidden\\"></td><td class=\\"report__row__cell\\"></td><td class=\\"report__row__cell report__row__cell--hidden\\"></td><td class=\\"report__row__cell\\"></td><td class=\\"report__row__cell\\"></td><td class=\\"report__row__cell\\"></td><td class=\\"report__row__cell\\"></td><td class=\\"report__row__cell\\"></td><td class=\\"report__row__cell\\"></td><td class=\\"report__row__cell\\"></td><td class=\\"report__row__cell\\"></td><td class=\\"report__row__cell\\"></td><td class=\\"report__row__cell\\"></td></tr><tr class=\\"report__row\\"><td class=\\"report__row__cell report__row__cell--hidden\\">kJq2mPyFEHo</td><td class=\\"report__row__cell\\">Kenema</td><td class=\\"report__row__cell report__row__cell--hidden\\">OU_222616</td><td class=\\"report__row__cell report__row__cell--hidden\\">2017</td><td class=\\"report__row__cell report__row__cell--hidden\\">No</td><td class=\\"report__row__cell\\">66.5</td><td class=\\"report__row__cell\\">64.5</td><td class=\\"report__row__cell\\">66.6</td><td class=\\"report__row__cell\\">65.1</td><td class=\\"report__row__cell\\">69.3</td><td class=\\"report__row__cell\\">69.3</td><td class=\\"report__row__cell\\">66.4</td><td class=\\"report__row__cell\\">63.8</td><td class=\\"report__row__cell\\">65.8</td><td class=\\"report__row__cell\\">70.4</td><td class=\\"report__row__cell report__row__cell--hidden\\"></td><td class=\\"report__row__cell\\"></td><td class=\\"report__row__cell report__row__cell--hidden\\"></td><td class=\\"report__row__cell\\"></td><td class=\\"report__row__cell\\"></td><td class=\\"report__row__cell\\"></td><td class=\\"report__row__cell\\"></td><td class=\\"report__row__cell\\"></td><td class=\\"report__row__cell\\"></td><td class=\\"report__row__cell\\"></td><td class=\\"report__row__cell\\"></td><td class=\\"report__row__cell\\"></td><td class=\\"report__row__cell\\"></td></tr><tr class=\\"report__row\\"><td class=\\"report__row__cell report__row__cell--hidden\\">qhqAxPSTUXp</td><td class=\\"report__row__cell\\">Koinadugu</td><td class=\\"report__row__cell report__row__cell--hidden\\">OU_226213</td><td class=\\"report__row__cell report__row__cell--hidden\\">2017</td><td class=\\"report__row__cell report__row__cell--hidden\\">No</td><td class=\\"report__row__cell\\">65.0</td><td class=\\"report__row__cell\\">63.0</td><td class=\\"report__row__cell\\">66.7</td><td class=\\"report__row__cell\\">64.4</td><td class=\\"report__row__cell\\">65.3</td><td class=\\"report__row__cell\\">78.2</td><td class=\\"report__row__cell\\">63.2</td><td class=\\"report__row__cell\\">61.6</td><td class=\\"report__row__cell\\">57.9</td><td class=\\"report__row__cell\\">65.8</td><td class=\\"report__row__cell report__row__cell--hidden\\"></td><td class=\\"report__row__cell\\"></td><td class=\\"report__row__cell report__row__cell--hidden\\"></td><td class=\\"report__row__cell\\"></td><td class=\\"report__row__cell\\"></td><td class=\\"report__row__cell\\"></td><td class=\\"report__row__cell\\"></td><td class=\\"report__row__cell\\"></td><td class=\\"report__row__cell\\"></td><td class=\\"report__row__cell\\"></td><td class=\\"report__row__cell\\"></td><td class=\\"report__row__cell\\"></td><td class=\\"report__row__cell\\"></td></tr><tr class=\\"report__row\\"><td class=\\"report__row__cell report__row__cell--hidden\\">Vth0fbpFcsO</td><td class=\\"report__row__cell\\">Kono</td><td class=\\"report__row__cell report__row__cell--hidden\\">OU_233310</td><td class=\\"report__row__cell report__row__cell--hidden\\">2017</td><td class=\\"report__row__cell report__row__cell--hidden\\">No</td><td class=\\"report__row__cell\\">67.8</td><td class=\\"report__row__cell\\">64.2</td><td class=\\"report__row__cell\\">66.8</td><td class=\\"report__row__cell\\">63.3</td><td class=\\"report__row__cell\\">66.7</td><td class=\\"report__row__cell\\">74.0</td><td class=\\"report__row__cell\\">68.7</td><td class=\\"report__row__cell\\">65.0</td><td class=\\"report__row__cell\\">70.7</td><td class=\\"report__row__cell\\">66.4</td><td class=\\"report__row__cell report__row__cell--hidden\\"></td><td class=\\"report__row__cell\\"></td><td class=\\"report__row__cell report__row__cell--hidden\\"></td><td class=\\"report__row__cell\\"></td><td class=\\"report__row__cell\\"></td><td class=\\"report__row__cell\\"></td><td class=\\"report__row__cell\\"></td><td class=\\"report__row__cell\\"></td><td class=\\"report__row__cell\\"></td><td class=\\"report__row__cell\\"></td><td class=\\"report__row__cell\\"></td><td class=\\"report__row__cell\\"></td><td class=\\"report__row__cell\\"></td></tr><tr class=\\"report__row\\"><td class=\\"report__row__cell report__row__cell--hidden\\">jmIPBj66vD6</td><td class=\\"report__row__cell\\">Moyamba</td><td class=\\"report__row__cell report__row__cell--hidden\\">OU_246990</td><td class=\\"report__row__cell report__row__cell--hidden\\">2017</td><td class=\\"report__row__cell report__row__cell--hidden\\">No</td><td class=\\"report__row__cell\\">65.2</td><td class=\\"report__row__cell\\">65.0</td><td class=\\"report__row__cell\\">65.9</td><td class=\\"report__row__cell\\">65.8</td><td class=\\"report__row__cell\\">74.8</td><td class=\\"report__row__cell\\">66.3</td><td class=\\"report__row__cell\\">64.5</td><td class=\\"report__row__cell\\">64.3</td><td class=\\"report__row__cell\\">59.8</td><td class=\\"report__row__cell\\">58.7</td><td class=\\"report__row__cell report__row__cell--hidden\\"></td><td class=\\"report__row__cell\\"></td><td class=\\"report__row__cell report__row__cell--hidden\\"></td><td class=\\"report__row__cell\\"></td><td class=\\"report__row__cell\\"></td><td class=\\"report__row__cell\\"></td><td class=\\"report__row__cell\\"></td><td class=\\"report__row__cell\\"></td><td class=\\"report__row__cell\\"></td><td class=\\"report__row__cell\\"></td><td class=\\"report__row__cell\\"></td><td class=\\"report__row__cell\\"></td><td class=\\"report__row__cell\\"></td></tr><tr class=\\"report__row\\"><td class=\\"report__row__cell report__row__cell--hidden\\">TEQlaapDQoK</td><td class=\\"report__row__cell\\">Port Loko</td><td class=\\"report__row__cell report__row__cell--hidden\\">OU_254945</td><td class=\\"report__row__cell report__row__cell--hidden\\">2017</td><td class=\\"report__row__cell report__row__cell--hidden\\">No</td><td class=\\"report__row__cell\\">66.4</td><td class=\\"report__row__cell\\">63.6</td><td class=\\"report__row__cell\\">65.7</td><td class=\\"report__row__cell\\">64.2</td><td class=\\"report__row__cell\\">69.8</td><td class=\\"report__row__cell\\">66.6</td><td class=\\"report__row__cell\\">67.1</td><td class=\\"report__row__cell\\">62.9</td><td class=\\"report__row__cell\\">66.6</td><td class=\\"report__row__cell\\">61.8</td><td class=\\"report__row__cell report__row__cell--hidden\\"></td><td class=\\"report__row__cell\\"></td><td class=\\"report__row__cell report__row__cell--hidden\\"></td><td class=\\"report__row__cell\\"></td><td class=\\"report__row__cell\\"></td><td class=\\"report__row__cell\\"></td><td class=\\"report__row__cell\\"></td><td class=\\"report__row__cell\\"></td><td class=\\"report__row__cell\\"></td><td class=\\"report__row__cell\\"></td><td class=\\"report__row__cell\\"></td><td class=\\"report__row__cell\\"></td><td class=\\"report__row__cell\\"></td></tr><tr class=\\"report__row\\"><td class=\\"report__row__cell report__row__cell--hidden\\">bL4ooGhyHRQ</td><td class=\\"report__row__cell\\">Pujehun</td><td class=\\"report__row__cell report__row__cell--hidden\\">OU_260377</td><td class=\\"report__row__cell report__row__cell--hidden\\">2017</td><td class=\\"report__row__cell report__row__cell--hidden\\">No</td><td class=\\"report__row__cell\\">66.4</td><td class=\\"report__row__cell\\">63.1</td><td class=\\"report__row__cell\\">66.7</td><td class=\\"report__row__cell\\">62.3</td><td class=\\"report__row__cell\\">63.9</td><td class=\\"report__row__cell\\">62.5</td><td class=\\"report__row__cell\\">66.2</td><td class=\\"report__row__cell\\">64.0</td><td class=\\"report__row__cell\\">67.2</td><td class=\\"report__row__cell\\">55.2</td><td class=\\"report__row__cell report__row__cell--hidden\\"></td><td class=\\"report__row__cell\\"></td><td class=\\"report__row__cell report__row__cell--hidden\\"></td><td class=\\"report__row__cell\\"></td><td class=\\"report__row__cell\\"></td><td class=\\"report__row__cell\\"></td><td class=\\"report__row__cell\\"></td><td class=\\"report__row__cell\\"></td><td class=\\"report__row__cell\\"></td><td class=\\"report__row__cell\\"></td><td class=\\"report__row__cell\\"></td><td class=\\"report__row__cell\\"></td><td class=\\"report__row__cell\\"></td></tr><tr class=\\"report__row\\"><td class=\\"report__row__cell report__row__cell--hidden\\">eIQbndfxQMb</td><td class=\\"report__row__cell\\">Tonkolili</td><td class=\\"report__row__cell report__row__cell--hidden\\">OU_268149</td><td class=\\"report__row__cell report__row__cell--hidden\\">2017</td><td class=\\"report__row__cell report__row__cell--hidden\\">No</td><td class=\\"report__row__cell\\">67.8</td><td class=\\"report__row__cell\\">64.9</td><td class=\\"report__row__cell\\">67.9</td><td class=\\"report__row__cell\\">65.1</td><td class=\\"report__row__cell\\">69.0</td><td class=\\"report__row__cell\\">56.1</td><td class=\\"report__row__cell\\">67.7</td><td class=\\"report__row__cell\\">64.6</td><td class=\\"report__row__cell\\">69.2</td><td class=\\"report__row__cell\\">65.1</td><td class=\\"report__row__cell report__row__cell--hidden\\"></td><td class=\\"report__row__cell\\"></td><td class=\\"report__row__cell report__row__cell--hidden\\"></td><td class=\\"report__row__cell\\"></td><td class=\\"report__row__cell\\"></td><td class=\\"report__row__cell\\"></td><td class=\\"report__row__cell\\"></td><td class=\\"report__row__cell\\"></td><td class=\\"report__row__cell\\"></td><td class=\\"report__row__cell\\"></td><td class=\\"report__row__cell\\"></td><td class=\\"report__row__cell\\"></td><td class=\\"report__row__cell\\"></td></tr><tr class=\\"report__row\\"><td class=\\"report__row__cell report__row__cell--hidden\\">at6UHUQatSo</td><td class=\\"report__row__cell\\">Western Area</td><td class=\\"report__row__cell report__row__cell--hidden\\">OU_278310</td><td class=\\"report__row__cell report__row__cell--hidden\\">2017</td><td class=\\"report__row__cell report__row__cell--hidden\\">No</td><td class=\\"report__row__cell\\">65.9</td><td class=\\"report__row__cell\\">64.5</td><td class=\\"report__row__cell\\">65.5</td><td class=\\"report__row__cell\\">64.2</td><td class=\\"report__row__cell\\">64.6</td><td class=\\"report__row__cell\\">57.2</td><td class=\\"report__row__cell\\">66.2</td><td class=\\"report__row__cell\\">64.8</td><td class=\\"report__row__cell\\">79.7</td><td class=\\"report__row__cell\\">61.5</td><td class=\\"report__row__cell report__row__cell--hidden\\"></td><td class=\\"report__row__cell\\"></td><td class=\\"report__row__cell report__row__cell--hidden\\"></td><td class=\\"report__row__cell\\"></td><td class=\\"report__row__cell\\"></td><td class=\\"report__row__cell\\"></td><td class=\\"report__row__cell\\"></td><td class=\\"report__row__cell\\"></td><td class=\\"report__row__cell\\"></td><td class=\\"report__row__cell\\"></td><td class=\\"report__row__cell\\"></td><td class=\\"report__row__cell\\"></td><td class=\\"report__row__cell\\"></td></tr><tr class=\\"report__row\\"><td class=\\"report__row__cell report__row__cell--hidden\\"></td><td class=\\"report__row__cell\\"></td><td class=\\"report__row__cell report__row__cell--hidden\\"></td><td class=\\"report__row__cell report__row__cell--hidden\\">August 2017</td><td class=\\"report__row__cell report__row__cell--hidden\\">No</td><td class=\\"report__row__cell\\"></td><td class=\\"report__row__cell\\"></td><td class=\\"report__row__cell\\"></td><td class=\\"report__row__cell\\"></td><td class=\\"report__row__cell\\"></td><td class=\\"report__row__cell\\"></td><td class=\\"report__row__cell\\"></td><td class=\\"report__row__cell\\"></td><td class=\\"report__row__cell\\"></td><td class=\\"report__row__cell\\"></td><td class=\\"report__row__cell report__row__cell--hidden\\">201608</td><td class=\\"report__row__cell\\">August 2016</td><td class=\\"report__row__cell report__row__cell--hidden\\">201608</td><td class=\\"report__row__cell\\">107.8</td><td class=\\"report__row__cell\\">20311.0</td><td class=\\"report__row__cell\\">92.1</td><td class=\\"report__row__cell\\">19144.0</td><td class=\\"report__row__cell\\">82.9</td><td class=\\"report__row__cell\\">17384.0</td><td class=\\"report__row__cell\\">84.7</td><td class=\\"report__row__cell\\">15946.0</td><td class=\\"report__row__cell\\">111.2</td><td class=\\"report__row__cell\\">21366.0</td></tr><tr class=\\"report__row\\"><td class=\\"report__row__cell report__row__cell--hidden\\"></td><td class=\\"report__row__cell\\"></td><td class=\\"report__row__cell report__row__cell--hidden\\"></td><td class=\\"report__row__cell report__row__cell--hidden\\">August 2017</td><td class=\\"report__row__cell report__row__cell--hidden\\">No</td><td class=\\"report__row__cell\\"></td><td class=\\"report__row__cell\\"></td><td class=\\"report__row__cell\\"></td><td class=\\"report__row__cell\\"></td><td class=\\"report__row__cell\\"></td><td class=\\"report__row__cell\\"></td><td class=\\"report__row__cell\\"></td><td class=\\"report__row__cell\\"></td><td class=\\"report__row__cell\\"></td><td class=\\"report__row__cell\\"></td><td class=\\"report__row__cell report__row__cell--hidden\\">201609</td><td class=\\"report__row__cell\\">September 2016</td><td class=\\"report__row__cell report__row__cell--hidden\\">201609</td><td class=\\"report__row__cell\\">115.2</td><td class=\\"report__row__cell\\">21090.0</td><td class=\\"report__row__cell\\">97.2</td><td class=\\"report__row__cell\\">19610.0</td><td class=\\"report__row__cell\\">87.0</td><td class=\\"report__row__cell\\">17908.0</td><td class=\\"report__row__cell\\">91.0</td><td class=\\"report__row__cell\\">16596.0</td><td class=\\"report__row__cell\\">111.6</td><td class=\\"report__row__cell\\">20778.0</td></tr><tr class=\\"report__row\\"><td class=\\"report__row__cell report__row__cell--hidden\\"></td><td class=\\"report__row__cell\\"></td><td class=\\"report__row__cell report__row__cell--hidden\\"></td><td class=\\"report__row__cell report__row__cell--hidden\\">August 2017</td><td class=\\"report__row__cell report__row__cell--hidden\\">No</td><td class=\\"report__row__cell\\"></td><td class=\\"report__row__cell\\"></td><td class=\\"report__row__cell\\"></td><td class=\\"report__row__cell\\"></td><td class=\\"report__row__cell\\"></td><td class=\\"report__row__cell\\"></td><td class=\\"report__row__cell\\"></td><td class=\\"report__row__cell\\"></td><td class=\\"report__row__cell\\"></td><td class=\\"report__row__cell\\"></td><td class=\\"report__row__cell report__row__cell--hidden\\">201610</td><td class=\\"report__row__cell\\">October 2016</td><td class=\\"report__row__cell report__row__cell--hidden\\">201610</td><td class=\\"report__row__cell\\">88.5</td><td class=\\"report__row__cell\\">16691.0</td><td class=\\"report__row__cell\\">77.4</td><td class=\\"report__row__cell\\">15763.0</td><td class=\\"report__row__cell\\">67.0</td><td class=\\"report__row__cell\\">14065.0</td><td class=\\"report__row__cell\\">68.8</td><td class=\\"report__row__cell\\">13000.0</td><td class=\\"report__row__cell\\">83.8</td><td class=\\"report__row__cell\\">16253.0</td></tr><tr class=\\"report__row\\"><td class=\\"report__row__cell report__row__cell--hidden\\"></td><td class=\\"report__row__cell\\"></td><td class=\\"report__row__cell report__row__cell--hidden\\"></td><td class=\\"report__row__cell report__row__cell--hidden\\">August 2017</td><td class=\\"report__row__cell report__row__cell--hidden\\">No</td><td class=\\"report__row__cell\\"></td><td class=\\"report__row__cell\\"></td><td class=\\"report__row__cell\\"></td><td class=\\"report__row__cell\\"></td><td class=\\"report__row__cell\\"></td><td class=\\"report__row__cell\\"></td><td class=\\"report__row__cell\\"></td><td class=\\"report__row__cell\\"></td><td class=\\"report__row__cell\\"></td><td class=\\"report__row__cell\\"></td><td class=\\"report__row__cell report__row__cell--hidden\\">201611</td><td class=\\"report__row__cell\\">November 2016</td><td class=\\"report__row__cell report__row__cell--hidden\\">201611</td><td class=\\"report__row__cell\\">95.2</td><td class=\\"report__row__cell\\">17400.0</td><td class=\\"report__row__cell\\">83.0</td><td class=\\"report__row__cell\\">16679.0</td><td class=\\"report__row__cell\\">74.3</td><td class=\\"report__row__cell\\">14812.0</td><td class=\\"report__row__cell\\">75.4</td><td class=\\"report__row__cell\\">13742.0</td><td class=\\"report__row__cell\\">95.2</td><td class=\\"report__row__cell\\">17816.0</td></tr><tr class=\\"report__row\\"><td class=\\"report__row__cell report__row__cell--hidden\\"></td><td class=\\"report__row__cell\\"></td><td class=\\"report__row__cell report__row__cell--hidden\\"></td><td class=\\"report__row__cell report__row__cell--hidden\\">August 2017</td><td class=\\"report__row__cell report__row__cell--hidden\\">No</td><td class=\\"report__row__cell\\"></td><td class=\\"report__row__cell\\"></td><td class=\\"report__row__cell\\"></td><td class=\\"report__row__cell\\"></td><td class=\\"report__row__cell\\"></td><td class=\\"report__row__cell\\"></td><td class=\\"report__row__cell\\"></td><td class=\\"report__row__cell\\"></td><td class=\\"report__row__cell\\"></td><td class=\\"report__row__cell\\"></td><td class=\\"report__row__cell report__row__cell--hidden\\">201612</td><td class=\\"report__row__cell\\">December 2016</td><td class=\\"report__row__cell report__row__cell--hidden\\">201612</td><td class=\\"report__row__cell\\">71.6</td><td class=\\"report__row__cell\\">13634.0</td><td class=\\"report__row__cell\\">57.5</td><td class=\\"report__row__cell\\">11798.0</td><td class=\\"report__row__cell\\">57.0</td><td class=\\"report__row__cell\\">11747.0</td><td class=\\"report__row__cell\\">61.9</td><td class=\\"report__row__cell\\">11672.0</td><td class=\\"report__row__cell\\">70.2</td><td class=\\"report__row__cell\\">13503.0</td></tr><tr class=\\"report__row\\"><td class=\\"report__row__cell report__row__cell--hidden\\"></td><td class=\\"report__row__cell\\"></td><td class=\\"report__row__cell report__row__cell--hidden\\"></td><td class=\\"report__row__cell report__row__cell--hidden\\">August 2017</td><td class=\\"report__row__cell report__row__cell--hidden\\">No</td><td class=\\"report__row__cell\\"></td><td class=\\"report__row__cell\\"></td><td class=\\"report__row__cell\\"></td><td class=\\"report__row__cell\\"></td><td class=\\"report__row__cell\\"></td><td class=\\"report__row__cell\\"></td><td class=\\"report__row__cell\\"></td><td class=\\"report__row__cell\\"></td><td class=\\"report__row__cell\\"></td><td class=\\"report__row__cell\\"></td><td class=\\"report__row__cell report__row__cell--hidden\\">201701</td><td class=\\"report__row__cell\\">January 2017</td><td class=\\"report__row__cell report__row__cell--hidden\\">201701</td><td class=\\"report__row__cell\\">105.7</td><td class=\\"report__row__cell\\">20031.0</td><td class=\\"report__row__cell\\">77.9</td><td class=\\"report__row__cell\\">16379.0</td><td class=\\"report__row__cell\\">70.0</td><td class=\\"report__row__cell\\">14579.0</td><td class=\\"report__row__cell\\">81.3</td><td class=\\"report__row__cell\\">15374.0</td><td class=\\"report__row__cell\\">96.8</td><td class=\\"report__row__cell\\">18714.0</td></tr><tr class=\\"report__row\\"><td class=\\"report__row__cell report__row__cell--hidden\\"></td><td class=\\"report__row__cell\\"></td><td class=\\"report__row__cell report__row__cell--hidden\\"></td><td class=\\"report__row__cell report__row__cell--hidden\\">August 2017</td><td class=\\"report__row__cell report__row__cell--hidden\\">No</td><td class=\\"report__row__cell\\"></td><td class=\\"report__row__cell\\"></td><td class=\\"report__row__cell\\"></td><td class=\\"report__row__cell\\"></td><td class=\\"report__row__cell\\"></td><td class=\\"report__row__cell\\"></td><td class=\\"report__row__cell\\"></td><td class=\\"report__row__cell\\"></td><td class=\\"report__row__cell\\"></td><td class=\\"report__row__cell\\"></td><td class=\\"report__row__cell report__row__cell--hidden\\">201702</td><td class=\\"report__row__cell\\">February 2017</td><td class=\\"report__row__cell report__row__cell--hidden\\">201702</td><td class=\\"report__row__cell\\">119.5</td><td class=\\"report__row__cell\\">20483.0</td><td class=\\"report__row__cell\\">94.7</td><td class=\\"report__row__cell\\">18208.0</td><td class=\\"report__row__cell\\">83.8</td><td class=\\"report__row__cell\\">15732.0</td><td class=\\"report__row__cell\\">91.3</td><td class=\\"report__row__cell\\">15572.0</td><td class=\\"report__row__cell\\">112.3</td><td class=\\"report__row__cell\\">19585.0</td></tr><tr class=\\"report__row\\"><td class=\\"report__row__cell report__row__cell--hidden\\"></td><td class=\\"report__row__cell\\"></td><td class=\\"report__row__cell report__row__cell--hidden\\"></td><td class=\\"report__row__cell report__row__cell--hidden\\">August 2017</td><td class=\\"report__row__cell report__row__cell--hidden\\">No</td><td class=\\"report__row__cell\\"></td><td class=\\"report__row__cell\\"></td><td class=\\"report__row__cell\\"></td><td class=\\"report__row__cell\\"></td><td class=\\"report__row__cell\\"></td><td class=\\"report__row__cell\\"></td><td class=\\"report__row__cell\\"></td><td class=\\"report__row__cell\\"></td><td class=\\"report__row__cell\\"></td><td class=\\"report__row__cell\\"></td><td class=\\"report__row__cell report__row__cell--hidden\\">201703</td><td class=\\"report__row__cell\\">March 2017</td><td class=\\"report__row__cell report__row__cell--hidden\\">201703</td><td class=\\"report__row__cell\\">102.9</td><td class=\\"report__row__cell\\">19396.0</td><td class=\\"report__row__cell\\">83.4</td><td class=\\"report__row__cell\\">17563.0</td><td class=\\"report__row__cell\\">77.3</td><td class=\\"report__row__cell\\">16200.0</td><td class=\\"report__row__cell\\">81.8</td><td class=\\"report__row__cell\\">15411.0</td><td class=\\"report__row__cell\\">98.8</td><td class=\\"report__row__cell\\">19062.0</td></tr><tr class=\\"report__row\\"><td class=\\"report__row__cell report__row__cell--hidden\\"></td><td class=\\"report__row__cell\\"></td><td class=\\"report__row__cell report__row__cell--hidden\\"></td><td class=\\"report__row__cell report__row__cell--hidden\\">August 2017</td><td class=\\"report__row__cell report__row__cell--hidden\\">No</td><td class=\\"report__row__cell\\"></td><td class=\\"report__row__cell\\"></td><td class=\\"report__row__cell\\"></td><td class=\\"report__row__cell\\"></td><td class=\\"report__row__cell\\"></td><td class=\\"report__row__cell\\"></td><td class=\\"report__row__cell\\"></td><td class=\\"report__row__cell\\"></td><td class=\\"report__row__cell\\"></td><td class=\\"report__row__cell\\"></td><td class=\\"report__row__cell report__row__cell--hidden\\">201704</td><td class=\\"report__row__cell\\">April 2017</td><td class=\\"report__row__cell report__row__cell--hidden\\">201704</td><td class=\\"report__row__cell\\">111.6</td><td class=\\"report__row__cell\\">20410.0</td><td class=\\"report__row__cell\\">85.9</td><td class=\\"report__row__cell\\">17422.0</td><td class=\\"report__row__cell\\">76.6</td><td class=\\"report__row__cell\\">15526.0</td><td class=\\"report__row__cell\\">85.4</td><td class=\\"report__row__cell\\">15563.0</td><td class=\\"report__row__cell\\">99.9</td><td class=\\"report__row__cell\\">18693.0</td></tr><tr class=\\"report__row\\"><td class=\\"report__row__cell report__row__cell--hidden\\"></td><td class=\\"report__row__cell\\"></td><td class=\\"report__row__cell report__row__cell--hidden\\"></td><td class=\\"report__row__cell report__row__cell--hidden\\">August 2017</td><td class=\\"report__row__cell report__row__cell--hidden\\">No</td><td class=\\"report__row__cell\\"></td><td class=\\"report__row__cell\\"></td><td class=\\"report__row__cell\\"></td><td class=\\"report__row__cell\\"></td><td class=\\"report__row__cell\\"></td><td class=\\"report__row__cell\\"></td><td class=\\"report__row__cell\\"></td><td class=\\"report__row__cell\\"></td><td class=\\"report__row__cell\\"></td><td class=\\"report__row__cell\\"></td><td class=\\"report__row__cell report__row__cell--hidden\\">201705</td><td class=\\"report__row__cell\\">May 2017</td><td class=\\"report__row__cell report__row__cell--hidden\\">201705</td><td class=\\"report__row__cell\\">118.7</td><td class=\\"report__row__cell\\">22402.0</td><td class=\\"report__row__cell\\">92.3</td><td class=\\"report__row__cell\\">19386.0</td><td class=\\"report__row__cell\\">84.6</td><td class=\\"report__row__cell\\">17788.0</td><td class=\\"report__row__cell\\">90.8</td><td class=\\"report__row__cell\\">17164.0</td><td class=\\"report__row__cell\\">107.6</td><td class=\\"report__row__cell\\">20870.0</td></tr><tr class=\\"report__row\\"><td class=\\"report__row__cell report__row__cell--hidden\\"></td><td class=\\"report__row__cell\\"></td><td class=\\"report__row__cell report__row__cell--hidden\\"></td><td class=\\"report__row__cell report__row__cell--hidden\\">August 2017</td><td class=\\"report__row__cell report__row__cell--hidden\\">No</td><td class=\\"report__row__cell\\"></td><td class=\\"report__row__cell\\"></td><td class=\\"report__row__cell\\"></td><td class=\\"report__row__cell\\"></td><td class=\\"report__row__cell\\"></td><td class=\\"report__row__cell\\"></td><td class=\\"report__row__cell\\"></td><td class=\\"report__row__cell\\"></td><td class=\\"report__row__cell\\"></td><td class=\\"report__row__cell\\"></td><td class=\\"report__row__cell report__row__cell--hidden\\">201706</td><td class=\\"report__row__cell\\">June 2017</td><td class=\\"report__row__cell report__row__cell--hidden\\">201706</td><td class=\\"report__row__cell\\">126.2</td><td class=\\"report__row__cell\\">23243.0</td><td class=\\"report__row__cell\\">88.3</td><td class=\\"report__row__cell\\">17875.0</td><td class=\\"report__row__cell\\">79.0</td><td class=\\"report__row__cell\\">15762.0</td><td class=\\"report__row__cell\\">95.2</td><td class=\\"report__row__cell\\">17398.0</td><td class=\\"report__row__cell\\">112.1</td><td class=\\"report__row__cell\\">21057.0</td></tr><tr class=\\"report__row\\"><td class=\\"report__row__cell report__row__cell--hidden\\"></td><td class=\\"report__row__cell\\"></td><td class=\\"report__row__cell report__row__cell--hidden\\"></td><td class=\\"report__row__cell report__row__cell--hidden\\">August 2017</td><td class=\\"report__row__cell report__row__cell--hidden\\">No</td><td class=\\"report__row__cell\\"></td><td class=\\"report__row__cell\\"></td><td class=\\"report__row__cell\\"></td><td class=\\"report__row__cell\\"></td><td class=\\"report__row__cell\\"></td><td class=\\"report__row__cell\\"></td><td class=\\"report__row__cell\\"></td><td class=\\"report__row__cell\\"></td><td class=\\"report__row__cell\\"></td><td class=\\"report__row__cell\\"></td><td class=\\"report__row__cell report__row__cell--hidden\\">201707</td><td class=\\"report__row__cell\\">July 2017</td><td class=\\"report__row__cell report__row__cell--hidden\\">201707</td><td class=\\"report__row__cell\\">113.0</td><td class=\\"report__row__cell\\">21589.0</td><td class=\\"report__row__cell\\">82.1</td><td class=\\"report__row__cell\\">17063.0</td><td class=\\"report__row__cell\\">75.7</td><td class=\\"report__row__cell\\">15705.0</td><td class=\\"report__row__cell\\">88.4</td><td class=\\"report__row__cell\\">16927.0</td><td class=\\"report__row__cell\\">107.3</td><td class=\\"report__row__cell\\">20791.0</td></tr></tbody></table>"`;
